################################################################################
#                                                                              #
#      IAR Universal Linker V6.4.3.84                                          #
#                                                                              #
#           Link time     =  28/Apr/2017  10:01:26                             #
#           Target CPU    =  MSP430                                            #
#           List file     =  D:\MSP_PWM_Panele\Debug\List\new.map              #
#           Output file 1 =  D:\MSP_PWM_Panele\Debug\Exe\new.d43               #
#                            Format: ubrof10                                   #
#                            UBROF version 10.0.6                              #
#                            Using library modules for C-SPY (-rt)             #
#           Command line  =  D:\MSP_PWM_Panele\Debug\Obj\main.r43 -o           #
#                            D:\MSP_PWM_Panele\Debug\Exe\new.d43 -l            #
#                            D:\MSP_PWM_Panele\Debug\List\new.map -xms         #
#                            "-IC:\Program Files (x86)\IAR Systems\Embedded Wo #
#                            rkbench 7.3\430\LIB\"                             #
#                            -f                                                #
#                            "C:\Program Files (x86)\IAR Systems\Embedded Work #
#                            bench 7.3\430\config\linker\lnk430g2553.xcl"      #
#                            (-cmsp430 -QCODE_I=CODE_ID -QTLS16_I=TLS16_ID     #
#                            -Z(CONST)INFO=1000-10FF                           #
#                            -Z(CONST)INFOA=10C0-10FF                          #
#                            -Z(CONST)INFOB=1080-10BF                          #
#                            -Z(CONST)INFOC=1040-107F                          #
#                            -Z(CONST)INFOD=1000-103F                          #
#                            -Z(DATA)DATA16_I,DATA16_Z,DATA16_N,TLS16_I=0200-0 #
#                            3FF                                               #
#                            -Z(DATA)DATA16_HEAP+_DATA16_HEAP_SIZE             #
#                            -Z(DATA)CODE_I -Z(DATA)CSTACK+_STACK_SIZE#        #
#                            -Z(CONST)DATA16_C,DATA16_ID,TLS16_ID,DIFUNCT,CHEC #
#                            KSUM=C000-FFDD                                    #
#                            -Z(CODE)CSTART,ISR_CODE,CODE_ID=C000-FFDD         #
#                            -P(CODE)CODE=C000-FFDD                            #
#                            -Z(CONST)SIGNATURE=FFDE-FFDF                      #
#                            -Z(CODE)INTVEC=FFE0-FFFF                          #
#                            -Z(CODE)RESET=FFFE-FFFF) -D_STACK_SIZE=50 -rt     #
#                            "C:\Program Files (x86)\IAR Systems\Embedded Work #
#                            bench 7.3\430\lib\dlib\dl430fn.r43"               #
#                            -e_PrintfLarge=_Printf -e_ScanfLarge=_Scanf       #
#                            -D_DATA16_HEAP_SIZE=50 -s __program_start         #
#                            -D_DATA20_HEAP_SIZE=50                            #
#                                                                              #
#                           Copyright (C) 1987-2016 IAR Systems AB.            #
################################################################################





                ****************************************
                *                                      *
                *           CROSS REFERENCE            *
                *                                      *
                ****************************************

       Program entry at :           C048  Relocatable, from module : ?cstart




                ****************************************
                *                                      *
                *            RUNTIME MODEL             *
                *                                      *
                ****************************************

  __Heap_Handler             = Basic
  __SystemLibrary            = DLib
  __core                     = 430
  __dlib_file_descriptor     = 0
  __dlib_full_locale_support = 0
  __double_size              = 32
  __pic                      = no
  __reg_r4                   = free
  __reg_r5                   = free
  __rt_version               = 3

                ****************************************
                *                                      *
                *    AUTOMATIC SYMBOL REDIRECTIONS     *
                *                                      *
                ****************************************

                  There are no automatic symbol redirections.



                ****************************************
                *                                      *
                *              MODULE MAP              *
                *                                      *
                ****************************************


  DEFINED ABSOLUTE ENTRIES
    *************************************************************************

  DEFINED ABSOLUTE ENTRIES
  PROGRAM MODULE, NAME : ?ABS_ENTRY_MOD

Absolute parts
           ENTRY                   ADDRESS         REF BY
           =====                   =======         ======
           _DATA20_HEAP_SIZE       0050 
           _DATA16_HEAP_SIZE       0050 
           _STACK_SIZE             0050 
    *************************************************************************

  FILE NAME : D:\MSP_PWM_Panele\Debug\Obj\main.r43
  PROGRAM MODULE, NAME : main

  SEGMENTS IN THE MODULE
  ======================
DATA16_AN
  Relative segment, address: 0001 - 0001 (0x1 bytes), align: 0
  Segment part 1. ROOT        Intra module refs:   uart_init
           ENTRY                   ADDRESS         REF BY
           =====                   =======         ======
           IE2                     0001 
    -------------------------------------------------------------------------
DATA16_AN
  Relative segment, address: 0003 - 0003 (0x1 bytes), align: 0
  Segment part 2. ROOT        Intra module refs:   USCI0RX_ISR
                                                   USCI0TX_ISR
                                                   putchar
           ENTRY                   ADDRESS         REF BY
           =====                   =======         ======
           IFG2                    0003 
    -------------------------------------------------------------------------
DATA16_AN
  Relative segment, address: 01B0 - 01B1 (0x2 bytes), align: 0
  Segment part 3. ROOT        Intra module refs:   pomiarAC
           ENTRY                   ADDRESS         REF BY
           =====                   =======         ======
           ADC10CTL0               01B0 
    -------------------------------------------------------------------------
DATA16_AN
  Relative segment, address: 01B2 - 01B3 (0x2 bytes), align: 0
  Segment part 4. ROOT        Intra module refs:   pomiarAC
           ENTRY                   ADDRESS         REF BY
           =====                   =======         ======
           ADC10CTL1               01B2 
    -------------------------------------------------------------------------
DATA16_AN
  Relative segment, address: 01B4 - 01B5 (0x2 bytes), align: 0
  Segment part 5. ROOT        Intra module refs:   pomiarAC
           ENTRY                   ADDRESS         REF BY
           =====                   =======         ======
           ADC10MEM                01B4 
    -------------------------------------------------------------------------
DATA16_AN
  Relative segment, address: 0056 - 0056 (0x1 bytes), align: 0
  Segment part 6. ROOT        Intra module refs:   DCO_start
           ENTRY                   ADDRESS         REF BY
           =====                   =======         ======
           DCOCTL                  0056 
    -------------------------------------------------------------------------
DATA16_AN
  Relative segment, address: 0057 - 0057 (0x1 bytes), align: 0
  Segment part 7. ROOT        Intra module refs:   DCO_start
           ENTRY                   ADDRESS         REF BY
           =====                   =======         ======
           BCSCTL1                 0057 
    -------------------------------------------------------------------------
DATA16_AN
  Relative segment, address: 0021 - 0021 (0x1 bytes), align: 0
  Segment part 8. ROOT        Intra module refs:   main
           ENTRY                   ADDRESS         REF BY
           =====                   =======         ======
           P1OUT                   0021 
    -------------------------------------------------------------------------
DATA16_AN
  Relative segment, address: 0022 - 0022 (0x1 bytes), align: 0
  Segment part 9. ROOT        Intra module refs:   main
                                                   uart_init
           ENTRY                   ADDRESS         REF BY
           =====                   =======         ======
           P1DIR                   0022 
    -------------------------------------------------------------------------
DATA16_AN
  Relative segment, address: 0026 - 0026 (0x1 bytes), align: 0
  Segment part 10. ROOT       Intra module refs:   main
                                                   uart_init
           ENTRY                   ADDRESS         REF BY
           =====                   =======         ======
           P1SEL                   0026 
    -------------------------------------------------------------------------
DATA16_AN
  Relative segment, address: 0041 - 0041 (0x1 bytes), align: 0
  Segment part 11. ROOT       Intra module refs:   main
                                                   uart_init
           ENTRY                   ADDRESS         REF BY
           =====                   =======         ======
           P1SEL2                  0041 
    -------------------------------------------------------------------------
DATA16_AN
  Relative segment, address: 0029 - 0029 (0x1 bytes), align: 0
  Segment part 12. ROOT       Intra module refs:   main
           ENTRY                   ADDRESS         REF BY
           =====                   =======         ======
           P2OUT                   0029 
    -------------------------------------------------------------------------
DATA16_AN
  Relative segment, address: 002A - 002A (0x1 bytes), align: 0
  Segment part 13. ROOT       Intra module refs:   main
           ENTRY                   ADDRESS         REF BY
           =====                   =======         ======
           P2DIR                   002A 
    -------------------------------------------------------------------------
DATA16_AN
  Relative segment, address: 0160 - 0161 (0x2 bytes), align: 0
  Segment part 14. ROOT       Intra module refs:   main
           ENTRY                   ADDRESS         REF BY
           =====                   =======         ======
           TA0CTL                  0160 
    -------------------------------------------------------------------------
DATA16_AN
  Relative segment, address: 0164 - 0165 (0x2 bytes), align: 0
  Segment part 15. ROOT       Intra module refs:   main
           ENTRY                   ADDRESS         REF BY
           =====                   =======         ======
           TA0CCTL1                0164 
    -------------------------------------------------------------------------
DATA16_AN
  Relative segment, address: 0172 - 0173 (0x2 bytes), align: 0
  Segment part 16. ROOT       Intra module refs:   MPPT
                                                   main
           ENTRY                   ADDRESS         REF BY
           =====                   =======         ======
           TA0CCR0                 0172 
    -------------------------------------------------------------------------
DATA16_AN
  Relative segment, address: 0174 - 0175 (0x2 bytes), align: 0
  Segment part 17. ROOT       Intra module refs:   MPPT
                                                   main
           ENTRY                   ADDRESS         REF BY
           =====                   =======         ======
           TA0CCR1                 0174 
    -------------------------------------------------------------------------
DATA16_AN
  Relative segment, address: 0060 - 0060 (0x1 bytes), align: 0
  Segment part 18. ROOT       Intra module refs:   uart_init
           ENTRY                   ADDRESS         REF BY
           =====                   =======         ======
           UCA0CTL0                0060 
    -------------------------------------------------------------------------
DATA16_AN
  Relative segment, address: 0061 - 0061 (0x1 bytes), align: 0
  Segment part 19. ROOT       Intra module refs:   uart_init
           ENTRY                   ADDRESS         REF BY
           =====                   =======         ======
           UCA0CTL1                0061 
    -------------------------------------------------------------------------
DATA16_AN
  Relative segment, address: 0062 - 0062 (0x1 bytes), align: 0
  Segment part 20. ROOT       Intra module refs:   uart_init
           ENTRY                   ADDRESS         REF BY
           =====                   =======         ======
           UCA0BR0                 0062 
    -------------------------------------------------------------------------
DATA16_AN
  Relative segment, address: 0063 - 0063 (0x1 bytes), align: 0
  Segment part 21. ROOT       Intra module refs:   uart_init
           ENTRY                   ADDRESS         REF BY
           =====                   =======         ======
           UCA0BR1                 0063 
    -------------------------------------------------------------------------
DATA16_AN
  Relative segment, address: 0064 - 0064 (0x1 bytes), align: 0
  Segment part 22. ROOT       Intra module refs:   uart_init
           ENTRY                   ADDRESS         REF BY
           =====                   =======         ======
           UCA0MCTL                0064 
    -------------------------------------------------------------------------
DATA16_AN
  Relative segment, address: 0066 - 0066 (0x1 bytes), align: 0
  Segment part 23. ROOT       Intra module refs:   USCI0RX_ISR
           ENTRY                   ADDRESS         REF BY
           =====                   =======         ======
           UCA0RXBUF               0066 
    -------------------------------------------------------------------------
DATA16_AN
  Relative segment, address: 0067 - 0067 (0x1 bytes), align: 0
  Segment part 24. ROOT       Intra module refs:   putchar
           ENTRY                   ADDRESS         REF BY
           =====                   =======         ======
           UCA0TXBUF               0067 
    -------------------------------------------------------------------------
DATA16_AN
  Relative segment, address: 0120 - 0121 (0x2 bytes), align: 0
  Segment part 25. ROOT       Intra module refs:   main
           ENTRY                   ADDRESS         REF BY
           =====                   =======         ======
           WDTCTL                  0120 
    -------------------------------------------------------------------------
DATA16_AN
  Relative segment, address: 10F8 - 10F8 (0x1 bytes), align: 0
  Segment part 26. ROOT       Intra module refs:   DCO_start
           ENTRY                   ADDRESS         REF BY
           =====                   =======         ======
           CALDCO_16MHZ            10F8 
    -------------------------------------------------------------------------
DATA16_AN
  Relative segment, address: 10F9 - 10F9 (0x1 bytes), align: 0
  Segment part 27. ROOT       Intra module refs:   DCO_start
           ENTRY                   ADDRESS         REF BY
           =====                   =======         ======
           CALBC1_16MHZ            10F9 
    -------------------------------------------------------------------------
DATA16_Z
  Relative segment, address: 0228 - 022B (0x4 bytes), align: 1
  Segment part 42.            Intra module refs:   pomiarAC
           ENTRY                   ADDRESS         REF BY
           =====                   =======         ======
           dattmp                  0228 
    -------------------------------------------------------------------------
DATA16_Z
  Relative segment, address: 022C - 022F (0x4 bytes), align: 1
  Segment part 44.            Intra module refs:   main
           ENTRY                   ADDRESS         REF BY
           =====                   =======         ======
           Uwy                     022C 
    -------------------------------------------------------------------------
DATA16_I
  Relative segment, address: 0200 - 0203 (0x4 bytes), align: 1
  Segment part 47.            Intra module refs:   MPPT
           ENTRY                   ADDRESS         REF BY
           =====                   =======         ======
           mocwzrasta              0200 
    -------------------------------------------------------------------------
DATA16_I
  Relative segment, address: 0204 - 0205 (0x2 bytes), align: 1
  Segment part 49.            Intra module refs:   MPPT
                                                   main
           ENTRY                   ADDRESS         REF BY
           =====                   =======         ======
           krok                    0204 
    -------------------------------------------------------------------------
DATA16_Z
  Relative segment, address: 0230 - 0231 (0x2 bytes), align: 1
  Segment part 51.            Intra module refs:   pomiarAC
           ENTRY                   ADDRESS         REF BY
           =====                   =======         ======
           n                       0230 
    -------------------------------------------------------------------------
DATA16_Z
  Relative segment, address: 0232 - 0232 (0x1 bytes), align: 0
  Segment part 52.            Intra module refs:   USCI0RX_ISR
           ENTRY                   ADDRESS         REF BY
           =====                   =======         ======
           znak                    0232 
    -------------------------------------------------------------------------
DATA16_Z
  Relative segment, address: 0233 - 0233 (0x1 bytes), align: 0
  Segment part 53.            Intra module refs:   USCI0RX_ISR
           ENTRY                   ADDRESS         REF BY
           =====                   =======         ======
           jest_znak               0233 
    -------------------------------------------------------------------------
DATA16_I
  Relative segment, address: 0206 - 0215 (0x10 bytes), align: 1
  Segment part 54.            Intra module refs:   MPPT
           LOCAL                   ADDRESS         
           =====                   =======         
           trend                   0206 
    -------------------------------------------------------------------------
<CODE> 1 (was CODE)
  Relative segment, address: C070 - C07B (0xc bytes), align: 1
  Segment part 64.            Intra module refs:   print
                                                   printi
           ENTRY                   ADDRESS         REF BY
           =====                   =======         ======
           putchar                 C070 
    -------------------------------------------------------------------------
<CODE> 1 (was CODE)
  Relative segment, address: C07C - C08B (0x10 bytes), align: 1
  Segment part 65.            Intra module refs:   main
                                                   printXXX
           ENTRY                   ADDRESS         REF BY
           =====                   =======         ======
           printi                  C07C 
               calls direct
    -------------------------------------------------------------------------
<CODE> 1 (was CODE)
  Relative segment, address: C08C - C0A1 (0x16 bytes), align: 1
  Segment part 66.            Intra module refs:   main
                                                   printXXX
           ENTRY                   ADDRESS         REF BY
           =====                   =======         ======
           print                   C08C 
               calls direct
    -------------------------------------------------------------------------
DATA16_I
  Relative segment, address: 0216 - 0226 (0x11 bytes), align: 0
  Segment part 60.            Intra module refs:   printi
           LOCAL                   ADDRESS         
           =====                   =======         
           printi::hex_table       0216 
    -------------------------------------------------------------------------
<CODE> 1 (was CODE)
  Relative segment, address: C0A2 - C1CD (0x12c bytes), align: 1
  Segment part 67.            Intra module refs:   main
           ENTRY                   ADDRESS         REF BY
           =====                   =======         ======
           printXXX                C0A2 
               calls direct
    -------------------------------------------------------------------------
<CODE> 1 (was CODE)
  Relative segment, address: C1CE - C1E5 (0x18 bytes), align: 1
  Segment part 68.            Intra module refs:   MPPT
                                                   main
           ENTRY                   ADDRESS         REF BY
           =====                   =======         ======
           getUwe                  C1CE 
               calls direct
    -------------------------------------------------------------------------
<CODE> 1 (was CODE)
  Relative segment, address: C1E6 - C2D7 (0xf2 bytes), align: 1
  Segment part 69.            Intra module refs:   main
           ENTRY                   ADDRESS         REF BY
           =====                   =======         ======
           MPPT                    C1E6 
               calls direct
    -------------------------------------------------------------------------
<CODE> 1 (was CODE)
  Relative segment, address: C2D8 - C351 (0x7a bytes), align: 1
  Segment part 70.            Intra module refs:   main
           ENTRY                   ADDRESS         REF BY
           =====                   =======         ======
           uart_init               C2D8 
               calls direct
    -------------------------------------------------------------------------
<CODE> 1 (was CODE)
  Relative segment, address: C352 - C36B (0x1a bytes), align: 1
  Segment part 71.            Intra module refs:   main
           ENTRY                   ADDRESS         REF BY
           =====                   =======         ======
           DCO_start               C352 
    -------------------------------------------------------------------------
<CODE> 1 (was CODE)
  Relative segment, address: C36C - C493 (0x128 bytes), align: 1
  Segment part 72.
           ENTRY                   ADDRESS         REF BY
           =====                   =======         ======
           main                    C36C            Segment part 18 (?cstart)
               calls direct
    -------------------------------------------------------------------------
<CODE> 1 (was CODE)
  Relative segment, address: C494 - C499 (0x6 bytes), align: 1
  Segment part 78.            Intra module refs:   USCI0TX_ISR::??INTVEC 12
           ENTRY                   ADDRESS         REF BY
           =====                   =======         ======
           USCI0TX_ISR             C494 
               interrupt function
    -------------------------------------------------------------------------
<CODE> 1 (was CODE)
  Relative segment, address: CBBC - CBCB (0x10 bytes), align: 1
  Segment part 79.            Intra module refs:   USCI0RX_ISR::??INTVEC 14
           ENTRY                   ADDRESS         REF BY
           =====                   =======         ======
           USCI0RX_ISR             CBBC 
               interrupt function
    -------------------------------------------------------------------------
<CODE> 1 (was CODE)
  Relative segment, address: CB6C - CB83 (0x18 bytes), align: 1
  Segment part 63.            Intra module refs:   MPPT
                                                   main
           ENTRY                   ADDRESS         REF BY
           =====                   =======         ======
           getUwy                  CB6C 
               calls direct
    -------------------------------------------------------------------------
<CODE> 1 (was CODE)
  Relative segment, address: CB84 - CB97 (0x14 bytes), align: 1
  Segment part 62.            Intra module refs:   main
           ENTRY                   ADDRESS         REF BY
           =====                   =======         ======
           getIwe                  CB84 
               calls direct
    -------------------------------------------------------------------------
<CODE> 1 (was CODE)
  Relative segment, address: C8D0 - C931 (0x62 bytes), align: 1
  Segment part 80.            Intra module refs:   getIwe
                                                   getUwe
                                                   getUwy
                                                   main
           ENTRY                   ADDRESS         REF BY
           =====                   =======         ======
           pomiarAC                C8D0 
               calls direct
    -------------------------------------------------------------------------
INTVEC
  Common segment, address: FFE0 - FFED (0xe bytes), align: 1
  Segment part 28. ROOT 
           ENTRY                   ADDRESS         REF BY
           =====                   =======         ======
           USCI0TX_ISR::??INTVEC 12
                                   FFEC 
    -------------------------------------------------------------------------
INTVEC
  Common segment, address: FFE0 - FFEF (0x10 bytes), align: 1
  Segment part 29. ROOT 
           ENTRY                   ADDRESS         REF BY
           =====                   =======         ======
           USCI0RX_ISR::??INTVEC 14
                                   FFEE 
    -------------------------------------------------------------------------
DATA16_ID
  Relative segment, address: C020 - C023 (0x4 bytes), align: 1
  Segment part 48.            Intra module refs:   mocwzrasta
    -------------------------------------------------------------------------
DATA16_ID
  Relative segment, address: C024 - C025 (0x2 bytes), align: 1
  Segment part 50.            Intra module refs:   krok
    -------------------------------------------------------------------------
DATA16_ID
  Relative segment, address: C026 - C035 (0x10 bytes), align: 1
  Segment part 55.            Intra module refs:   trend
    -------------------------------------------------------------------------
DATA16_ID
  Relative segment, address: C036 - C046 (0x11 bytes), align: 0
  Segment part 61.            Intra module refs:   printi::hex_table
    -------------------------------------------------------------------------
DATA16_C
  Relative segment, address: C000 - C003 (0x4 bytes), align: 0
  Segment part 31.            Intra module refs:   main
    -------------------------------------------------------------------------
DATA16_C
  Relative segment, address: C004 - C008 (0x5 bytes), align: 0
  Segment part 32.            Intra module refs:   main
    -------------------------------------------------------------------------
DATA16_C
  Relative segment, address: C009 - C00D (0x5 bytes), align: 0
  Segment part 33.            Intra module refs:   main
    -------------------------------------------------------------------------
DATA16_C
  Relative segment, address: C00E - C00F (0x2 bytes), align: 0
  Segment part 34.            Intra module refs:   main
                                                   printXXX
    -------------------------------------------------------------------------
DATA16_C
  Relative segment, address: C010 - C012 (0x3 bytes), align: 0
  Segment part 35.            Intra module refs:   main
    -------------------------------------------------------------------------
DATA16_C
  Relative segment, address: C013 - C015 (0x3 bytes), align: 0
  Segment part 36.            Intra module refs:   main
    -------------------------------------------------------------------------
DATA16_C
  Relative segment, address: C016 - C018 (0x3 bytes), align: 0
  Segment part 37.            Intra module refs:   main
    -------------------------------------------------------------------------
DATA16_C
  Relative segment, address: C019 - C01B (0x3 bytes), align: 0
  Segment part 38.            Intra module refs:   main
    -------------------------------------------------------------------------
DATA16_C
  Relative segment, address: C01C - C01D (0x2 bytes), align: 0
  Segment part 39.            Intra module refs:   printXXX
    -------------------------------------------------------------------------
DATA16_C
  Relative segment, address: C01E - C01F (0x2 bytes), align: 0
  Segment part 40.            Intra module refs:   printXXX

    *************************************************************************

  FILE NAME : C:\Program Files (x86)\IAR Systems\Embedded Workbench 7.3\430\lib\dlib\dl430fn.r43
  LIBRARY MODULE, NAME : ?__dbg_break

  SEGMENTS IN THE MODULE
  ======================
<CODE> 1 (was CODE)
  Relative segment, address: CC16 - CC17 (0x2 bytes), align: 1
  Segment part 2.
           ENTRY                   ADDRESS         REF BY
           =====                   =======         ======
           __DebugBreak            CC16            __exit (?__exit)

    -------------------------------------------------------------------------
  LIBRARY MODULE, NAME : ?__exit

  SEGMENTS IN THE MODULE
  ======================
<CODE> 1 (was CODE)
  Relative segment, address: CBAA - CBBB (0x12 bytes), align: 1
  Segment part 2.
           ENTRY                   ADDRESS         REF BY
           =====                   =======         ======
           __exit                  CBAA            Segment part 6 (?_exit)
                                                   _exit (?_exit)
               calls direct

    -------------------------------------------------------------------------
  LIBRARY MODULE, NAME : ?_exit

  SEGMENTS IN THE MODULE
  ======================
<CODE> 1 (was CODE)
  Relative segment, address: CC0A, align: 1
  Segment part 0.
           ENTRY                   ADDRESS         REF BY
           =====                   =======         ======
           _exit                   CC0A            exit (?exit)
    -------------------------------------------------------------------------
<CODE> 1 (was CODE)
  Relative segment, address: CC0A - CC0D (0x4 bytes), align: 1
  Segment part 6.             Intra module refs:   _exit

    -------------------------------------------------------------------------
  LIBRARY MODULE, NAME : ?cstart

  SEGMENTS IN THE MODULE
  ======================
CSTACK
  Relative segment, address: 03B0, align: 1
  Segment part 1.
    -------------------------------------------------------------------------
DATA16_Z
  Relative segment, address: 0232, align: 1
  Segment part 2.
    -------------------------------------------------------------------------
DATA16_I
  Relative segment, address: 0216, align: 1
  Segment part 3.
    -------------------------------------------------------------------------
DATA16_ID
  Relative segment, address: C036, align: 1
  Segment part 4.
    -------------------------------------------------------------------------
CSTART
  Relative segment, address: C048 - C04B (0x4 bytes), align: 1
  Segment part 9.
           ENTRY                   ADDRESS         REF BY
           =====                   =======         ======
           __program_start         C048            ?reset_vector (?reset_vector)
                                                   Absolute parts (?ABS_ENTRY_MOD)
           ?cstart_begin           C048 
    -------------------------------------------------------------------------
CSTART
  Relative segment, address: C04C - C057 (0xc bytes), align: 1
  Segment part 13.
           ENTRY                   ADDRESS         REF BY
           =====                   =======         ======
           ?cstart_init_zero       C04C            Uwy (main)
                                                   dattmp (main)
                                                   jest_znak (main)
                                                   n (main)
                                                   znak (main)
    -------------------------------------------------------------------------
CSTART
  Relative segment, address: C058 - C067 (0x10 bytes), align: 1
  Segment part 14.
           ENTRY                   ADDRESS         REF BY
           =====                   =======         ======
           ?cstart_init_copy       C058            krok (main)
                                                   mocwzrasta (main)
                                                   printi::hex_table (main)
                                                   trend (main)
    -------------------------------------------------------------------------
CSTART
  Relative segment, address: C068 - C06F (0x8 bytes), align: 1
  Segment part 18.            Intra module refs:   Segment part 9
           ENTRY                   ADDRESS         REF BY
           =====                   =======         ======
           ?cstart_call_main       C068 
           ?cstart_end             C070 

    -------------------------------------------------------------------------
  LIBRARY MODULE, NAME : ?reset_vector

  SEGMENTS IN THE MODULE
  ======================
RESET
  Relative segment, address: FFFE - FFFF (0x2 bytes), align: 1
  Segment part 0.
           ENTRY                   ADDRESS         REF BY
           =====                   =======         ======
           ?reset_vector           FFFE            Segment part 9 (?cstart)

    -------------------------------------------------------------------------
  LIBRARY MODULE, NAME : ?Epilogue

  SEGMENTS IN THE MODULE
  ======================
<CODE> 1 (was CODE)
  Relative segment, address: CBDC - CBDD (0x2 bytes), align: 1
  Segment part 2.
           ENTRY                   ADDRESS         REF BY
           =====                   =======         ======
           ?Epilogue6              CBDC            printXXX (main)
    -------------------------------------------------------------------------
<CODE> 1 (was CODE)
  Relative segment, address: CBDE - CBDF (0x2 bytes), align: 1
  Segment part 3.             Intra module refs:   ?Epilogue6
           ENTRY                   ADDRESS         REF BY
           =====                   =======         ======
           ?Epilogue5              CBDE 
    -------------------------------------------------------------------------
<CODE> 1 (was CODE)
  Relative segment, address: CBE0 - CBE1 (0x2 bytes), align: 1
  Segment part 4.             Intra module refs:   ?Epilogue5
           ENTRY                   ADDRESS         REF BY
           =====                   =======         ======
           ?Epilogue4              CBE0 
    -------------------------------------------------------------------------
<CODE> 1 (was CODE)
  Relative segment, address: CBE2 - CBE9 (0x8 bytes), align: 1
  Segment part 5.             Intra module refs:   ?Epilogue4
           ENTRY                   ADDRESS         REF BY
           =====                   =======         ======
           ?Epilogue3              CBE2            MPPT (main)

    -------------------------------------------------------------------------
  LIBRARY MODULE, NAME : ?exit

  SEGMENTS IN THE MODULE
  ======================
<CODE> 1 (was CODE)
  Relative segment, address: CC0E - CC11 (0x4 bytes), align: 1
  Segment part 2.
           ENTRY                   ADDRESS         REF BY
           =====                   =======         ======
           exit                    CC0E            Segment part 18 (?cstart)
               calls direct

    -------------------------------------------------------------------------
  LIBRARY MODULE, NAME : ?Cast32f32i

  SEGMENTS IN THE MODULE
  ======================
<CODE> 1 (was CODE)
  Relative segment, address: C83E - C851 (0x14 bytes), align: 1
  Segment part 0.
           ENTRY                   ADDRESS         REF BY
           =====                   =======         ======
           _Cast32sto32f           C83E            getIwe (main)
                                                   getUwe (main)
                                                   getUwy (main)
                                                   main (main)
                                                   printXXX (main)
    -------------------------------------------------------------------------
<CODE> 1 (was CODE)
  Relative segment, address: C852 - C8CF (0x7e bytes), align: 1
  Segment part 1.             Intra module refs:   _Cast32sto32f
           ENTRY                   ADDRESS         REF BY
           =====                   =======         ======
           _Cast32uto32f           C852            main (main)

    -------------------------------------------------------------------------
  LIBRARY MODULE, NAME : _Cast32fto32s

  SEGMENTS IN THE MODULE
  ======================
<CODE> 1 (was CODE)
  Relative segment, address: CA9E - CACF (0x32 bytes), align: 1
  Segment part 0.
           ENTRY                   ADDRESS         REF BY
           =====                   =======         ======
           _Cast32fto32s           CA9E            main (main)
                                                   printXXX (main)

    -------------------------------------------------------------------------
  LIBRARY MODULE, NAME : ?FLT_Extract

  SEGMENTS IN THE MODULE
  ======================
<CODE> 1 (was CODE)
  Relative segment, address: C9DA - CA25 (0x4c bytes), align: 1
  Segment part 0.
           ENTRY                   ADDRESS         REF BY
           =====                   =======         ======
           ?FLT_Extract            C9DA            _Cast32fto32s (_Cast32fto32s)

    -------------------------------------------------------------------------
  LIBRARY MODULE, NAME : ?FLT_EQ

  SEGMENTS IN THE MODULE
  ======================
<CODE> 1 (was CODE)
  Relative segment, address: CAD0 - CAFF (0x30 bytes), align: 1
  Segment part 0.
           ENTRY                   ADDRESS         REF BY
           =====                   =======         ======
           ?FLT_EQ                 CAD0            _CmpEq32f (_CmpEq32f)

    -------------------------------------------------------------------------
  LIBRARY MODULE, NAME : ?FLT_GE

  SEGMENTS IN THE MODULE
  ======================
<CODE> 1 (was CODE)
  Relative segment, address: C932 - C987 (0x56 bytes), align: 1
  Segment part 0.
           ENTRY                   ADDRESS         REF BY
           =====                   =======         ======
           ?FLT_GE                 C932            _CmpGe32f (_CmpGe32f)

    -------------------------------------------------------------------------
  LIBRARY MODULE, NAME : ?FLT_LT

  SEGMENTS IN THE MODULE
  ======================
<CODE> 1 (was CODE)
  Relative segment, address: C988 - C9D9 (0x52 bytes), align: 1
  Segment part 0.
           ENTRY                   ADDRESS         REF BY
           =====                   =======         ======
           ?FLT_LT                 C988            _CmpLt32f (_CmpLt32f)

    -------------------------------------------------------------------------
  LIBRARY MODULE, NAME : _CmpEq32f

  SEGMENTS IN THE MODULE
  ======================
<CODE> 1 (was CODE)
  Relative segment, address: CBEA - CBF5 (0xc bytes), align: 1
  Segment part 0.
           ENTRY                   ADDRESS         REF BY
           =====                   =======         ======
           _CmpEq32f               CBEA            MPPT (main)

    -------------------------------------------------------------------------
  LIBRARY MODULE, NAME : _CmpGe32f

  SEGMENTS IN THE MODULE
  ======================
<CODE> 1 (was CODE)
  Relative segment, address: CBF6 - CBFF (0xa bytes), align: 1
  Segment part 0.
           ENTRY                   ADDRESS         REF BY
           =====                   =======         ======
           _CmpGe32f               CBF6            MPPT (main)

    -------------------------------------------------------------------------
  LIBRARY MODULE, NAME : _CmpLt32f

  SEGMENTS IN THE MODULE
  ======================
<CODE> 1 (was CODE)
  Relative segment, address: CC00 - CC09 (0xa bytes), align: 1
  Segment part 0.
           ENTRY                   ADDRESS         REF BY
           =====                   =======         ======
           _CmpLt32f               CC00            MPPT (main)
                                                   printXXX (main)

    -------------------------------------------------------------------------
  LIBRARY MODULE, NAME : _Mul32f

  SEGMENTS IN THE MODULE
  ======================
<CODE> 1 (was CODE)
  Relative segment, address: C72E - C83D (0x110 bytes), align: 1
  Segment part 0.
           ENTRY                   ADDRESS         REF BY
           =====                   =======         ======
           _Mul32f                 C72E            MPPT (main)
                                                   getIwe (main)
                                                   getUwe (main)
                                                   getUwy (main)
                                                   main (main)
                                                   printXXX (main)

    -------------------------------------------------------------------------
  LIBRARY MODULE, NAME : _Div32f

  SEGMENTS IN THE MODULE
  ======================
<CODE> 1 (was CODE)
  Relative segment, address: C5FE - C72D (0x130 bytes), align: 1
  Segment part 0.
           ENTRY                   ADDRESS         REF BY
           =====                   =======         ======
           _Div32f                 C5FE            main (main)

    -------------------------------------------------------------------------
  LIBRARY MODULE, NAME : _Add32f

  SEGMENTS IN THE MODULE
  ======================
<CODE> 1 (was CODE)
  Relative segment, address: C49A - C49D (0x4 bytes), align: 1
  Segment part 0.
           ENTRY                   ADDRESS         REF BY
           =====                   =======         ======
           _Sub32f                 C49A            MPPT (main)
                                                   printXXX (main)
    -------------------------------------------------------------------------
<CODE> 1 (was CODE)
  Relative segment, address: C49E - C5FD (0x160 bytes), align: 1
  Segment part 1.             Intra module refs:   _Sub32f
           ENTRY                   ADDRESS         REF BY
           =====                   =======         ======
           _Add32f                 C49E            MPPT (main)

    -------------------------------------------------------------------------
  LIBRARY MODULE, NAME : ?DivMod816u

  SEGMENTS IN THE MODULE
  ======================
<CODE> 1 (was CODE)
  Relative segment, address: CB54 - CB6B (0x18 bytes), align: 1
  Segment part 1.
           ENTRY                   ADDRESS         REF BY
           =====                   =======         ======
           ?DivMod16u              CB54            ?DivMod16s (?DivMod816s)

    -------------------------------------------------------------------------
  LIBRARY MODULE, NAME : ?DivMod816s

  SEGMENTS IN THE MODULE
  ======================
<CODE> 1 (was CODE)
  Relative segment, address: CB00 - CB2F (0x30 bytes), align: 1
  Segment part 1.
           ENTRY                   ADDRESS         REF BY
           =====                   =======         ======
           ?DivMod16s              CB00            printXXX (main)

    -------------------------------------------------------------------------
  LIBRARY MODULE, NAME : ?DivMod32u

  SEGMENTS IN THE MODULE
  ======================
<CODE> 1 (was CODE)
  Relative segment, address: CA66 - CA9D (0x38 bytes), align: 1
  Segment part 0.
           ENTRY                   ADDRESS         REF BY
           =====                   =======         ======
           ?DivMod32u              CA66            ?DivMod32s (?DivMod32s)
                                                   uart_init (main)

    -------------------------------------------------------------------------
  LIBRARY MODULE, NAME : ?DivMod32s

  SEGMENTS IN THE MODULE
  ======================
<CODE> 1 (was CODE)
  Relative segment, address: CA26 - CA65 (0x40 bytes), align: 1
  Segment part 0.
           ENTRY                   ADDRESS         REF BY
           =====                   =======         ======
           ?DivMod32s              CA26            pomiarAC (main)

    -------------------------------------------------------------------------
  LIBRARY MODULE, NAME : ?ShiftRight32u_8n

  SEGMENTS IN THE MODULE
  ======================
<CODE> 1 (was CODE)
  Relative segment, address: CB30 - CB35 (0x6 bytes), align: 1
  Segment part 2.
           ENTRY                   ADDRESS         REF BY
           =====                   =======         ======
           ?ShiftRight32u_12       CB30            uart_init (main)
    -------------------------------------------------------------------------
<CODE> 1 (was CODE)
  Relative segment, address: CB36 - CB3B (0x6 bytes), align: 1
  Segment part 3.             Intra module refs:   ?ShiftRight32u_12
           ENTRY                   ADDRESS         REF BY
           =====                   =======         ======
           ?ShiftRight32u_11       CB36 
    -------------------------------------------------------------------------
<CODE> 1 (was CODE)
  Relative segment, address: CB3C - CB41 (0x6 bytes), align: 1
  Segment part 4.             Intra module refs:   ?ShiftRight32u_11
           ENTRY                   ADDRESS         REF BY
           =====                   =======         ======
           ?ShiftRight32u_10       CB3C 
    -------------------------------------------------------------------------
<CODE> 1 (was CODE)
  Relative segment, address: CB42 - CB47 (0x6 bytes), align: 1
  Segment part 5.             Intra module refs:   ?ShiftRight32u_10
           ENTRY                   ADDRESS         REF BY
           =====                   =======         ======
           ?ShiftRight32u_9        CB42 
    -------------------------------------------------------------------------
<CODE> 1 (was CODE)
  Relative segment, address: CB48 - CB53 (0xc bytes), align: 1
  Segment part 6.             Intra module refs:   ?ShiftRight32u_9
           ENTRY                   ADDRESS         REF BY
           =====                   =======         ======
           ?ShiftRight32u_8        CB48 

    -------------------------------------------------------------------------
  LIBRARY MODULE, NAME : ?memcpy

  SEGMENTS IN THE MODULE
  ======================
<CODE> 1 (was CODE)
  Relative segment, address: CB98 - CBA9 (0x12 bytes), align: 1
  Segment part 2.
           ENTRY                   ADDRESS         REF BY
           =====                   =======         ======
           memcpy                  CB98            __data16_memcpy (?memzero)

    -------------------------------------------------------------------------
  LIBRARY MODULE, NAME : ?memzero

  SEGMENTS IN THE MODULE
  ======================
<CODE> 1 (was CODE)
  Relative segment, address: CBCC - CBDB (0x10 bytes), align: 1
  Segment part 2.
           ENTRY                   ADDRESS         REF BY
           =====                   =======         ======
           __data16_memzero        CBCC            ?cstart_init_zero (?cstart)
    -------------------------------------------------------------------------
<CODE> 1 (was CODE)
  Relative segment, address: CC12 - CC15 (0x4 bytes), align: 1
  Segment part 3.
           ENTRY                   ADDRESS         REF BY
           =====                   =======         ======
           __data16_memcpy         CC12            ?cstart_init_copy (?cstart)
               calls direct




                ****************************************
                *                                      *
                *      SEGMENTS IN ADDRESS ORDER       *
                *                                      *
                ****************************************


SEGMENT              SPACE    START ADDRESS   END ADDRESS     SIZE  TYPE  ALIGN
=======              =====    =============   ===========     ====  ====  =====
DATA16_AN                              0001 - 0001               1   rel    0
                                       0003 - 0003               1 
                                       0021 - 0022               2 
                                       0026 - 0026               1 
                                       0029 - 002A               2 
                                       0041 - 0041               1 
                                       0056 - 0057               2 
                                       0060 - 0064               5 
                                       0066 - 0067               2 
                                       0120 - 0121               2 
                                       0160 - 0161               2 
                                       0164 - 0165               2 
                                       0172 - 0175               4 
                                       01B0 - 01B5               6 
DATA16_I                               0200 - 0226              27   rel    1
DATA16_Z                               0228 - 0233               C   rel    1
CSTACK                                 03B0 - 03FF              50   rel    1
DATA16_AN                              10F8 - 10F9               2   rel    0
DATA16_C                               C000 - C01F              20   rel    0
DATA16_ID                              C020 - C046              27   rel    1
CSTART                                 C048 - C06F              28   rel    1
<CODE> 1                               C070 - CC17             BA8   rel    1
INTVEC                                 FFE0 - FFEF              10   com    1
RESET                                  FFFE - FFFF               2   rel    1

                ****************************************
                *                                      *
                *        END OF CROSS REFERENCE        *
                *                                      *
                ****************************************

 3 042 bytes of CODE  memory
   131 bytes of DATA  memory (+ 35 absolute )
    71 bytes of CONST memory

Errors: none
Warnings: none

